\BOOKMARK [1][-]{section*.3}{\376\377\000T\000h\000e\000\040\000P\000r\000o\000b\000l\000e\000m\000\040\000a\000n\000d\000\040\000I\000t\000s\000\040\000S\000e\000t\000t\000i\000n\000g}{}% 1
\BOOKMARK [1][-]{section*.4}{\376\377\000B\000a\000c\000k\000g\000r\000o\000u\000n\000d\000\040\000o\000f\000\040\000t\000h\000e\000\040\000S\000t\000u\000d\000y}{}% 2
\BOOKMARK [2][-]{section*.5}{\376\377\000S\000u\000b\000s\000y\000s\000t\000e\000m\000:\000\040\000C\000e\000b\000u\000'\000s\000\040\000E\000c\000o\000n\000o\000m\000i\000c\000\040\000L\000a\000n\000d\000s\000c\000a\000p\000e}{section*.4}% 3
\BOOKMARK [2][-]{section*.6}{\376\377\000F\000o\000c\000a\000l\000\040\000S\000t\000a\000k\000e\000h\000o\000l\000d\000e\000r}{section*.4}% 4
\BOOKMARK [2][-]{section*.7}{\376\377\000E\000x\000p\000e\000c\000t\000a\000t\000i\000o\000n\000\040\000\050\000I\000d\000e\000a\000l\000\040\000S\000c\000e\000n\000a\000r\000i\000o\000\051}{section*.4}% 5
\BOOKMARK [1][-]{section*.8}{\376\377\000S\000t\000a\000t\000e\000m\000e\000n\000t\000\040\000o\000f\000\040\000t\000h\000e\000\040\000P\000r\000o\000b\000l\000e\000m}{}% 6
\BOOKMARK [1][-]{section*.9}{\376\377\000S\000i\000g\000n\000i\000f\000i\000c\000a\000n\000c\000e\000\040\000o\000f\000\040\000t\000h\000e\000\040\000S\000t\000u\000d\000y}{}% 7
\BOOKMARK [1][-]{section*.10}{\376\377\000P\000u\000r\000p\000o\000s\000e\000\040\000S\000t\000a\000t\000e\000m\000e\000n\000t}{}% 8
\BOOKMARK [1][-]{section*.11}{\376\377\000R\000e\000s\000e\000a\000r\000c\000h\000\040\000Q\000u\000e\000s\000t\000i\000o\000n\000s}{}% 9
\BOOKMARK [1][-]{section*.12}{\376\377\000S\000c\000o\000p\000e\000\040\000a\000n\000d\000\040\000L\000i\000m\000i\000t\000a\000t\000i\000o\000n\000s}{}% 10
\BOOKMARK [1][-]{section*.13}{\376\377\000R\000e\000v\000i\000e\000w\000\040\000o\000f\000\040\000R\000e\000l\000a\000t\000e\000d\000\040\000L\000i\000t\000e\000r\000a\000t\000u\000r\000e}{}% 11
\BOOKMARK [1][-]{section*.14}{\376\377\000P\000u\000r\000p\000o\000s\000e}{}% 12
\BOOKMARK [1][-]{section*.15}{\376\377\000C\000o\000r\000e\000\040\000c\000o\000n\000c\000e\000p\000t\000s}{}% 13
\BOOKMARK [1][-]{section*.16}{\376\377\000C\000e\000b\000u\000\040\000a\000n\000d\000\040\000P\000H\000\040\000c\000o\000n\000t\000e\000x\000t}{}% 14
\BOOKMARK [1][-]{section*.17}{\376\377\000M\000a\000i\000n\000\040\000d\000r\000i\000v\000e\000r\000s\000\040\000o\000f\000\040\000v\000a\000l\000u\000e}{}% 15
\BOOKMARK [1][-]{section*.18}{\376\377\000M\000o\000d\000e\000l\000i\000n\000g\000\040\000l\000e\000n\000s\000e\000s\000\040\000a\000n\000d\000\040\000r\000e\000l\000a\000t\000e\000d\000\040\000w\000o\000r\000k}{}% 16
\BOOKMARK [1][-]{section*.19}{\376\377\000W\000h\000a\000t\000\040\000t\000h\000e\000\040\000l\000i\000t\000e\000r\000a\000t\000u\000r\000e\000\040\000a\000g\000r\000e\000e\000s\000\040\000o\000n}{}% 17
\BOOKMARK [1][-]{section*.20}{\376\377\000T\000h\000e\000\040\000g\000a\000p}{}% 18
\BOOKMARK [1][-]{section*.21}{\376\377\000B\000r\000i\000d\000g\000e\000\040\000t\000o\000\040\000m\000e\000t\000h\000o\000d\000s}{}% 19
\BOOKMARK [1][-]{section*.22}{\376\377\000R\000e\000s\000e\000a\000r\000c\000h\000\040\000M\000e\000t\000h\000o\000d\000o\000l\000o\000g\000y}{}% 20
\BOOKMARK [1][-]{section*.23}{\376\377\000R\000e\000s\000e\000a\000r\000c\000h\000\040\000D\000e\000s\000i\000g\000n}{}% 21
\BOOKMARK [1][-]{section*.24}{\376\377\000R\000e\000s\000e\000a\000r\000c\000h\000\040\000P\000o\000p\000u\000l\000a\000t\000i\000o\000n\000\040\000a\000n\000d\000\040\000D\000a\000t\000a\000\040\000S\000o\000u\000r\000c\000e\000s}{}% 22
\BOOKMARK [2][-]{section*.25}{\376\377\000P\000r\000i\000m\000a\000r\000y\000\040\000D\000a\000t\000a\000:\000\040\000V\000e\000r\000i\000f\000i\000e\000d\000\040\000F\000l\000o\000o\000r\000\040\000P\000r\000i\000c\000e\000\040\000\050\000F\000o\000r\000e\000c\000l\000o\000s\000u\000r\000e\000s\000\051}{section*.24}% 23
\BOOKMARK [2][-]{section*.26}{\376\377\000S\000e\000c\000o\000n\000d\000a\000r\000y\000\040\000D\000a\000t\000a\000:\000\040\000M\000a\000r\000k\000e\000t\000\040\000C\000e\000i\000l\000i\000n\000g\000\040\000P\000r\000i\000c\000e\000\040\000\050\000O\000n\000l\000i\000n\000e\000\040\000L\000i\000s\000t\000i\000n\000g\000s\000\051}{section*.24}% 24
\BOOKMARK [2][-]{section*.27}{\376\377\000M\000a\000c\000r\000o\000e\000c\000o\000n\000o\000m\000i\000c\000\040\000a\000n\000d\000\040\000A\000d\000m\000i\000n\000i\000s\000t\000r\000a\000t\000i\000v\000e\000\040\000D\000a\000t\000a}{section*.24}% 25
\BOOKMARK [2][-]{section*.28}{\376\377\000V\000a\000l\000i\000d\000a\000t\000i\000o\000n\000\040\000L\000a\000y\000e\000r\000\040\000\050\000H\000u\000m\000a\000n\000-\000i\000n\000-\000t\000h\000e\000-\000L\000o\000o\000p\000\051}{section*.24}% 26
\BOOKMARK [1][-]{section*.29}{\376\377\000D\000a\000t\000a\000\040\000I\000n\000s\000t\000r\000u\000m\000e\000n\000t}{}% 27
\BOOKMARK [1][-]{section*.30}{\376\377\000D\000a\000t\000a\000\040\000G\000a\000t\000h\000e\000r\000i\000n\000g\000\040\000P\000r\000o\000c\000e\000d\000u\000r\000e\000s}{}% 28
\BOOKMARK [1][-]{section*.31}{\376\377\000D\000a\000t\000a\000\040\000T\000r\000e\000a\000t\000m\000e\000n\000t\000\040\000a\000n\000d\000\040\000A\000n\000a\000l\000y\000s\000i\000s}{}% 29
\BOOKMARK [2][-]{section*.32}{\376\377\000P\000r\000e\000-\000p\000r\000o\000c\000e\000s\000s\000i\000n\000g}{section*.31}% 30
\BOOKMARK [2][-]{section*.33}{\376\377\000M\000o\000d\000e\000l\000i\000n\000g\000\040\000S\000t\000r\000a\000t\000e\000g\000y}{section*.31}% 31
\BOOKMARK [2][-]{section*.34}{\376\377\000V\000a\000l\000i\000d\000a\000t\000i\000o\000n\000\040\000a\000n\000d\000\040\000M\000e\000t\000r\000i\000c\000s}{section*.31}% 32
